Files to upload: 35914 using 12 workers
Bucket sizes: 2993, 2993, 2993, 2993, 2993, 2993, 2993, 2993, 2993, 2993, 2992, 2992
  worker 0: 2993 files
  worker 1: 2993 files
  worker 2: 2993 files
  worker 3: 2993 files
  worker 4: 2993 files
  worker 5: 2993 files
  worker 6: 2993 files
  worker 7: 2993 files
  worker 8: 2993 files
  worker 9: 2993 files
  worker 10: 2992 files
  worker 11: 2992 files
Workers launched. Monitoring...
  ok=0 fail=0 elapsed=00:00:00 rate=0/s
  ok=0 fail=0 elapsed=00:00:30 rate=0/s
  ok=250 fail=0 elapsed=00:01:00 rate=4.14/s
  ok=350 fail=0 elapsed=00:01:30 rate=3.87/s
  ok=600 fail=0 elapsed=00:02:00 rate=4.98/s
  ok=700 fail=0 elapsed=00:02:30 rate=4.65/s
  ok=1029 fail=0 elapsed=00:03:00 rate=5.69/s
  ok=1050 fail=0 elapsed=00:03:30 rate=4.98/s
  ok=1334 fail=0 elapsed=00:04:01 rate=5.53/s
  ok=1400 fail=0 elapsed=00:04:31 rate=5.16/s
  ok=1635 fail=0 elapsed=00:05:01 rate=5.43/s
  ok=1750 fail=0 elapsed=00:05:31 rate=5.28/s
  ok=1907 fail=0 elapsed=00:06:01 rate=5.27/s
  ok=2100 fail=0 elapsed=00:06:31 rate=5.36/s
  ok=2200 fail=0 elapsed=00:07:02 rate=5.21/s
  ok=2450 fail=0 elapsed=00:07:32 rate=5.41/s
  ok=2700 fail=0 elapsed=00:08:02 rate=5.59/s
  ok=2923 fail=0 elapsed=00:08:32 rate=5.7/s
  ok=3178 fail=0 elapsed=00:09:03 rate=5.85/s
  ok=3454 fail=0 elapsed=00:09:33 rate=6.02/s
  ok=3663 fail=0 elapsed=00:10:03 rate=6.07/s
  ok=3850 fail=0 elapsed=00:10:33 rate=6.08/s
  ok=4167 fail=0 elapsed=00:11:03 rate=6.28/s
  ok=4396 fail=0 elapsed=00:11:34 rate=6.33/s
  ok=4550 fail=0 elapsed=00:12:04 rate=6.28/s
  ok=4867 fail=0 elapsed=00:12:35 rate=6.45/s
  ok=4966 fail=0 elapsed=00:13:05 rate=6.32/s
  ok=5250 fail=0 elapsed=00:13:36 rate=6.43/s
  ok=5467 fail=0 elapsed=00:14:07 rate=6.45/s
  ok=5664 fail=0 elapsed=00:14:37 rate=6.45/s
  ok=5950 fail=0 elapsed=00:15:08 rate=6.55/s
  ok=6167 fail=0 elapsed=00:15:39 rate=6.57/s
  ok=6392 fail=0 elapsed=00:16:09 rate=6.59/s
  ok=6650 fail=0 elapsed=00:16:39 rate=6.65/s
  ok=6903 fail=0 elapsed=00:17:10 rate=6.7/s
  ok=7114 fail=0 elapsed=00:17:41 rate=6.7/s
  ok=7350 fail=0 elapsed=00:18:11 rate=6.73/s
  ok=7596 fail=0 elapsed=00:18:41 rate=6.77/s
  ok=7817 fail=0 elapsed=00:19:12 rate=6.78/s
  ok=8050 fail=0 elapsed=00:19:42 rate=6.81/s
  ok=8322 fail=0 elapsed=00:20:13 rate=6.86/s
  ok=8510 fail=0 elapsed=00:20:43 rate=6.84/s
  ok=8750 fail=0 elapsed=00:21:14 rate=6.87/s
  ok=9084 fail=0 elapsed=00:21:44 rate=6.96/s
  ok=9220 fail=0 elapsed=00:22:14 rate=6.91/s
  ok=9481 fail=0 elapsed=00:22:44 rate=6.95/s
  ok=9780 fail=0 elapsed=00:23:15 rate=7.01/s
  ok=10010 fail=0 elapsed=00:23:46 rate=7.02/s
  ok=10184 fail=0 elapsed=00:24:17 rate=6.99/s
  ok=10485 fail=0 elapsed=00:24:47 rate=7.05/s
  ok=10717 fail=0 elapsed=00:25:17 rate=7.06/s
  ok=10900 fail=0 elapsed=00:25:48 rate=7.04/s
  ok=11229 fail=0 elapsed=00:26:18 rate=7.11/s
  ok=11457 fail=0 elapsed=00:26:49 rate=7.12/s
  ok=11682 fail=0 elapsed=00:27:20 rate=7.12/s
  ok=11927 fail=0 elapsed=00:27:50 rate=7.14/s
  ok=12202 fail=0 elapsed=00:28:21 rate=7.17/s
  ok=12417 fail=0 elapsed=00:28:51 rate=7.17/s
  ok=12631 fail=0 elapsed=00:29:21 rate=7.17/s
  ok=12930 fail=0 elapsed=00:29:52 rate=7.22/s
  ok=13129 fail=0 elapsed=00:30:22 rate=7.2/s
  ok=13336 fail=0 elapsed=00:30:53 rate=7.2/s
  ok=13600 fail=0 elapsed=00:31:23 rate=7.22/s
  ok=13819 fail=0 elapsed=00:31:54 rate=7.22/s
  ok=14050 fail=0 elapsed=00:32:25 rate=7.22/s
  ok=14335 fail=0 elapsed=00:32:56 rate=7.25/s
  ok=14593 fail=0 elapsed=00:33:27 rate=7.27/s
  ok=14734 fail=0 elapsed=00:34:00 rate=7.22/s
  ok=15050 fail=0 elapsed=00:34:31 rate=7.27/s
  ok=15233 fail=0 elapsed=00:35:01 rate=7.25/s
  ok=15482 fail=0 elapsed=00:35:32 rate=7.26/s
  ok=15782 fail=0 elapsed=00:36:10 rate=7.27/s
  ok=16015 fail=0 elapsed=00:36:46 rate=7.26/s
  ok=16262 fail=0 elapsed=00:37:20 rate=7.26/s
  ok=16531 fail=0 elapsed=00:37:53 rate=7.27/s
  ok=16800 fail=0 elapsed=00:38:26 rate=7.29/s
  ok=17070 fail=0 elapsed=00:38:58 rate=7.3/s
  ok=17316 fail=0 elapsed=00:39:30 rate=7.3/s
  ok=17536 fail=0 elapsed=00:40:02 rate=7.3/s
  ok=17836 fail=0 elapsed=00:40:34 rate=7.33/s
  ok=18036 fail=0 elapsed=00:41:06 rate=7.31/s
  ok=18283 fail=0 elapsed=00:41:41 rate=7.31/s
  ok=18584 fail=0 elapsed=00:42:14 rate=7.33/s
  ok=18850 fail=0 elapsed=00:42:46 rate=7.34/s
  ok=18950 fail=0 elapsed=00:43:18 rate=7.29/s
  ok=19250 fail=0 elapsed=00:43:51 rate=7.32/s
  ok=19350 fail=0 elapsed=00:44:23 rate=7.27/s
  ok=19600 fail=0 elapsed=00:44:56 rate=7.27/s
  ok=19900 fail=0 elapsed=00:45:29 rate=7.29/s
  ok=20000 fail=0 elapsed=00:46:01 rate=7.24/s
  ok=20250 fail=0 elapsed=00:46:33 rate=7.25/s
  ok=20400 fail=0 elapsed=00:47:05 rate=7.22/s
  ok=20650 fail=0 elapsed=00:47:38 rate=7.22/s
  ok=20822 fail=0 elapsed=00:48:12 rate=7.2/s
  ok=20951 fail=0 elapsed=00:48:45 rate=7.16/s
All workers finished.
