Files to consider: 35914
FTP login OK.
  ok  application/.htaccess
  ok  application/config/app-config.php
  ok  application/config/autoload.php
  ok  application/config/ci-blog.php
  ok  application/config/config.php
  ok  application/config/constants.php
  ok  application/config/custom_filed-config.php
  ok  application/config/database.local.php
  ok  application/config/database.php
  ok  application/config/doctypes.php
  ok  application/config/enc_key.php
  ok  application/config/foreign_chars.php
  ok  application/config/form-builder.php
  ok  application/config/front_office.php
  ok  application/config/hooks.php
  ok  application/config/index.html
  ok  application/config/license.php
  ok  application/config/mailsms.php
  ok  application/config/maintenance_config.php
  ok  application/config/memcached.php
  ok  application/config/migration.php
  ok  application/config/mimes.php
  ok  application/config/payroll.php
  ok  application/config/profiler.php
[25/35914]
  ok  application/config/routes.php
  ok  application/config/saas-config.php
  ok  application/config/smileys.php
  ok  application/config/ss-constants.php
  ok  application/config/thumbnail.php
  ok  application/config/user_agents.php
  ok  application/controllers/App.php
  ok  application/controllers/Attendencereports.php
  ok  application/controllers/Balancefees.php
  ok  application/controllers/Biometric.php
  ok  application/controllers/Category.php
  ok  application/controllers/Classes.php
  ok  application/controllers/Common.php
  ok  application/controllers/Cron.php
  ok  application/controllers/Emailconfig.php
  ok  application/controllers/Feecategory.php
  ok  application/controllers/Feemaster.php
  ok  application/controllers/Feetype.php
  ok  application/controllers/Financereports.php
  ok  application/controllers/FrontTheme.php
  ok  application/controllers/Homework.php
  ok  application/controllers/index.html
  ok  application/controllers/Migrate.php
  ok  application/controllers/Report.php
  ok  application/controllers/School.php
[50/35914]
  ok  application/controllers/Schsettings.php
  ok  application/controllers/Sections.php
  ok  application/controllers/Sessions.php
  ok  application/controllers/Site.php
  ok  application/controllers/Smsconfig.php
  ok  application/controllers/Student.php
  ok  application/controllers/Studentfee.php
  ok  application/controllers/Theme.php
  ok  application/controllers/Webhooks.php
  ok  application/controllers/Welcome.php
  ok  application/controllers/Welcomes.php
  ok  application/controllers/admin/Addons.php
  ok  application/controllers/admin/Admin.php
  ok  application/controllers/admin/Adminuser.php
  ok  application/controllers/admin/Admitcard.php
  ok  application/controllers/admin/Alumni.php
  ok  application/controllers/admin/Api_test.php
